b_l072z_lrwan1.c:93:9:BSP_GetVersion	8	static
b_l072z_lrwan1.c:105:9:BSP_LED_Init	56	static
b_l072z_lrwan1.c:136:9:BSP_LED_DeInit	40	static
b_l072z_lrwan1.c:159:9:BSP_LED_On	16	static
b_l072z_lrwan1.c:176:9:BSP_LED_Off	16	static
b_l072z_lrwan1.c:193:9:BSP_LED_Toggle	16	static
b_l072z_lrwan1.c:210:9:BSP_LED_GetState	16	static
b_l072z_lrwan1.c:218:13:LED_USER_GPIO_Init	48	static
b_l072z_lrwan1.c:252:9:BSP_PB_Init	24	static
b_l072z_lrwan1.c:292:9:BSP_PB_DeInit	48	static
b_l072z_lrwan1.c:310:9:BSP_PB_GetState	16	static
b_l072z_lrwan1.c:319:6:BSP_PB_IRQHandler	16	static
b_l072z_lrwan1.c:329:13:BSP_PB_Callback	16	static
b_l072z_lrwan1.c:342:13:BUTTON_USER_EXTI_Callback	8	static
b_l072z_lrwan1.c:351:13:BUTTON_USER_GPIO_Init	48	static
b_l072z_lrwan1.c:378:9:BSP_COM_Init	24	static
b_l072z_lrwan1.c:417:9:BSP_COM_DeInit	24	static
b_l072z_lrwan1.c:454:26:MX_USART2_UART_Init	32	static
b_l072z_lrwan1.c:557:9:BSP_COM_SelectLogPort	16	static
b_l072z_lrwan1.c:569:6:__io_putchar	16	static
b_l072z_lrwan1.c:582:13:USART2_MspInit	48	static
b_l072z_lrwan1.c:618:13:USART2_MspDeInit	16	static
